[A] output.txt bytes: 14071
[A] output.txt head:
{
  "zero": {
    "pt": "00000000000000000000000000000000",
    "ct": "b884bea197926b6ac654dd10dee6f432"
  },
  "basis_pairs": [
    {
      "pt": "80000000000000000000000000000000",
      "ct": "a384bea197926bf1c6545d10de66f432"
    },
    {
      "pt": "40000000000000000000000000000000",
      "ct": "3884bea197926baac6549d10dea6f432"
    },
    {
      "pt": "20000000000000000000000000000000",
      "ct": "f884bea197926b0ac654fd10dec6f432"
    },
    {
      "pt": "10000000000000000000000000000000",
      "ct": "9884bea197926b5ac654cd10def6f432"
    },
    {
      "pt": "08000000000000000000
[A] found 258 32-hex tokens
[B] challenge.py bytes: 3114
[B] challenge.py FULL SOURCE:
#!/usr/bin/env python3
BLOCK_SIZE = 16
N_ROUNDS = 10

RCON = [
    0x01, 0x02, 0x04, 0x08, 0x10,
    0x20, 0x40, 0x80, 0x1B, 0x36,
]


def xor_bytes(left, right):
    return bytes(a ^ b for a, b in zip(left, right))


def pkcs7_pad(data, block_size=BLOCK_SIZE):
    pad_len = block_size - (len(data) % block_size)
    return data + bytes([pad_len]) * pad_len


def _xtime(value):
    value <<= 1
    if value & 0x100:
        value ^= 0x11B
    return value & 0xFF


def _mul2(value):
    return _xtime(value)


def _mul3(value):
    return _xtime(value) ^ value


def _bytes_to_state(block):
    return [[block[4 * col + row] for col in range(4)] for row in range(4)]


def _state_to_bytes(state):
    return bytes(state[row][col] for col in range(4) for row in range(4))


def _add_material(state, material):
    for col in range(4):
        for row in range(4):
            state[row][col] ^= material[4 * col + row]


def _shift_rows(state):
    for row in range(1, 4):
        state[row] = state[row][row:] + state[row][:row]


def _mix_single_column(column):
    a0, a1, a2, a3 = column
    return [
        _mul2(a0) ^ _mul3(a1) ^ a2 ^ a3,
        a0 ^ _mul2(a1) ^ _mul3(a2) ^ a3,
        a0 ^ a1 ^ _mul2(a2) ^ _mul3(a3),
        _mul3(a0) ^ a1 ^ a2 ^ _mul2(a3),
    ]


def _mix_columns(state):
    for col in range(4):
        mixed = _mix_single_column([state[row][col] for row in range(4)])
        for row in range(4):
            state[row][col] = mixed[row]


def _rot_word(word):
    return word[1:] + word[:1]


def _make_schedule(secret):
    if len(secret) != BLOCK_SIZE:
        raise ValueError("secret must be exactly one AES block")

    words = [list(secret[4 * i:4 * i + 4]) for i in range(4)]
    for index in range(4, 4 * (N_ROUNDS + 1)):
        temp = words[index - 1].copy()
        if index % 4 == 0:
            # In this variant, the SubWord step is also the identity map.
            temp = _rot_word(temp)
            temp[0] ^= RCON[index // 4 - 1]
        words.append([words[index - 4][i] ^ temp[i] for i in range(4)])

    schedule = []
    for round_index in range(N_ROUNDS + 1):
        chunk = []
        for word in words[4 * round_index:4 * round_index + 4]:
            chunk.extend(word)
        schedule.append(bytes(chunk))
    return schedule


def encrypt_block(block, secret):
    if len(block) != BLOCK_SIZE:
        raise ValueError("block must be exactly one AES block")

    schedule = _make_schedule(secret)
    state = _bytes_to_state(block)

    _add_material(state, schedule[0])
    for round_index in range(1, N_ROUNDS):
        # AES normally applies SubBytes here. AE-no-S replaces it with identity.
        _shift_rows(state)
        _mix_columns(state)
        _add_material(state, schedule[round_index])

    _shift_rows(state)
    _add_material(state, schedule[N_ROUNDS])
    return _state_to_bytes(state)


def encrypt_padded(data, secret):
    padded = pkcs7_pad(data)
    blocks = []
    for offset in range(0, len(padded), BLOCK_SIZE):
        blocks.append(encrypt_block(padded[offset:offset + BLOCK_SIZE], secret))
    return b"".join(blocks)

[B] module globals: ['BLOCK_SIZE', 'N_ROUNDS', 'RCON', 'xor_bytes', 'pkcs7_pad', '_xtime', '_mul2', '_mul3', '_bytes_to_state', '_state_to_bytes', '_add_material', '_shift_rows', '_mix_single_column', '_mix_columns', '_rot_word', '_make_schedule', 'encrypt_block', 'encrypt_padded']
[A] structured: zero_ct + 128 basis + 129 flag blocks
[A] ordering LSB pt: b'\xeb\x97\x81\xfcSJm\xd5\xe8\xb4\xd7 >\xd4O\x9a\xea\x97\x81\xfc\xd1nl\xd5\xe8\xb4U\x00>\xd4K\x9e\xea\x97\x81\xfc\xf7\xa1m\xd5\xe8\xb4\xf5(>\xd4K\x9e\xea\x97\x81\xfc_\xccl\xd5\xe8\xb4\xdf\xa2>\xd4[\x9e\xeb\x97\x81\xfc\xc1nl\xd5\xe8\xb4_\x00>\xd4[\x9e\xea\x97\x81\xfce\xccl\xd5\xe8\xb4\xf5\xa2>\xd4\x1b\x9e\xeb\x97\x81\xfc\x1f\xccl\xd5\xe8\xb4\xf7\xa2>\xd4\x1b\x9e\xea\x97\x81\xfc\x8d\xccl\xd5\xe8\xb4]\xa2>\xd4\x1b\x9f\xeb\x97\x81\xfce\xcdl\xd5\xe8\xb4U\xa2>\xd4\x1b\x9f\xea\x97\x81\xfc-\xcfl\xd5\xe8\xb4\xfd\xa0>\xd4\x1b\x9b\xeb\x97\x81\xfc\x8d\xc8l\xd5\xe8\xb4\xdd\xa0>\xd4\x1b\x9b\xea\x97\x81\xfc\xad\xc1l\xd5\xe8\xb4}\xaa>\xd4\x1b\x8b\xeb\x97\x81\xfc-\xdfl\xd5\xe8\xb4\xfd\xaa>\xd4\x1b\x8b\xea\x97\x81\xfc\xad\xfbl\xd5\xe8\xb4}\x80>\xd4\x1b\xcb\xeb\x97\x81\xfc\xad\x81l\xd5\xe8\xb4}\x82>\xd4\x1b\xcb\x01\x00\x00\x00\xfeY\x01\x00\x00\x00\xaa\x08\x00\x00TQ\x00\x00\x00\x00\xfe\xb1\x00\x00\x00\x00\xaa\x00\x00\x00TQ\x00\x00\x04T\x01\x00\x00\x88\x00\x00\x00\x00\x06D\x00\x00\x00\x00\x82\x80\x00\x00\x00\x10\x87\xf6\x01\x00\x00\x00\x00\x00\x01\x00\x14D\x00\x00\x02\xaa\x00\x00\x00\x00\x18\x10\x01\x00\x00\x00\n\x88\x00\x00\x04T\x1fD\x00\x00\x00\x00\x00\x00\x00\x00P\x10\x01\x00\n"\x00\x00\x00\x00dT\x01\x00\x01\x00*\xaa\x00\x00\x14Dx\x10\x01\x00\x00\x00\x00\x00\x00\x00DU\x01\x00(\x88\x00\x00\x00\x00\x94E\x00\x00\x00\x00\xaa"\x00\x00P\x10\xe5U\x01\x00\x00\x00\x00\x00\x01\x00\x14A\x00\x00\xa2\xaa\x00\x00\x00\x00P\x16\x01\x00\x00\x00\xa8\x8a\x00\x00DU\x95C\x00\x00\x00\x00\x00\x00\x00\x00P\x04\x01\x00\x8a \x00\x00\x00\x00DM\x01\x00\x01\x00\xa2\xa0\x00\x00\x14AP\x0e\x01\x00\x00\x00\x00\x00\x00\x00D\x05\x01\x00(\x82\x00\x00\x00\x00\x14!\x00\x00\x00\x00\x8a\x08\x00\x00P\x04E-\x01\x00\x00\x00\x00\x00\x01\x00\x14\x01\x01\x00\xa2\x82\x00\x00\x00\x00P\x84\x00\x00\x00\x00("\x00\x00D\x05\x15\xa1\x01\x00\x00\x00\x00\x00\x83$\x01\x00\x00\x00\x00\x00\x00\x00\x04\x04\x01\x00\x82 \xa5\xeb\x00\x00\x00\x00\x00\x00\x00\x00\x04\x04\x01\x00"\x08\r\x86\x01\x00\x00\x00\x00\x00\x00\x00\x14\x04\x01\x00\x08\x82\x92$\x01\x00\x00\x00\x00\x00\x00\x00\x14\x04\x01\x00\x88 7\x86\x01\x00\x00\x00\x00\x00\x00\x00T\x04\x01\x00"\x82L\x86\x01\x00\x00\x00\x00\x00\x00\x00T\x04\x01\x00 \x82\xdf\x86\x01\x00\x00\x00\x00\x00\x00\x00T\x05\x01\x00\x8a\x826\x87\x01\x00\x00\x00\x00\x00\x00\x00T\x05\x01\x00\x82\x82\x7f\x85\x01\x00\x00\x00\x00\x00\x00\x00T\x01\x01\x00*\x80\xde\x82\x01\x00\x00\x00\x00\x00\x00\x00T\x01\x01\x00\n\x80\xff\x8b\x01\x00\x00\x00\x00\x00\x00\x00T\x11\x01\x00\xaa\x8a~\x95\x01\x00\x00\x00\x00\x00\x00\x00T\x11\x01\x00*\x8a\xff\xb1\x01\x00\x00\x00\x00\x00\x00\x00TQ\x01\x00\xaa\xa0\xfe\xcb\x01\x00\x00\x00\x00\x00\x00\x00TQ\x01\x00\xaa\xa2\xffY\x01\x00\x00\x00\x00\x00\x00\x00TQ\x00\x00\xaa\x08\xfe\xb1\x00\x00\x00\x00\x00\x00\x00\x00TQ\x00\x00\xaa\x00\x00\x00\x00\x88\x00\x00\x04T\x07D\x00\x00\x00\x00\x00\x00\x00\x00\x00\x10\x01\x00\x82\x80\x00\x00\x00\x00\x86\xf6\x01\x00\x01\x00\x02\xaa\x00\x00\x14D\x18\x10\x01\x00\x00\x00\x00\x00\x00\x00\x04T\x01\x00\n\x88\x00\x00\x00\x00\x1eD\x00\x00\x00\x00\n"\x00\x00P\x10eT\x01\x00\x00\x00\x00\x00\x01\x00\x14D\x00\x00*\xaa\x00\x00\x00\x00x\x10\x01\x00\x00\x00(\x88\x00\x00DU\x95E\x00\x00\x00\x00\x00\x00\x00\x00P\x10\x01\x00\xaa"\x00\x00\x00\x00\xe4U\x01\x00\x01\x00\xa2\xaa\x00\x00\x14AP\x16\x01\x00\x00\x00\x00\x00\x00\x00DU\x01\x00\xa8\x8a\x00\x00\x00\x00\x94C\x00\x00\x00\x00\x8a \x00\x00P\x04EM\x01\x00\x00\x00\x00\x00\x01\x00\x14A\x00\x00\xa2\xa0\x00\x00\x00\x00P\x0e\x01\x00\x00\x00(\x82\x00\x00D\x05\x15!\x00\x00\x00\x00\x00\x00\x00\x00P\x04\x01\x00\x8a\x08\x00\x00\x00\x00D-\x01\x00\x01\x00\xa2\x82\x00\x00\x14\x01Q\x84\x00\x00\x00\x00\x00\x00\x00\x00D\x05\x01\x00("\x00\x00\x00\x00\x14\xa1\x01\x00\x01\x00\x04D\x00\x00\x02\xaa\x00\x00\x00\x00\x02\x10\x01\x00\x01\x00\x04\x00\x00\x00\x82\xa2\x00\x00\x00\x00\x84\xa2\x00\x00\x00\x00\x10\x10\x01\x00\n"\x00\x00\x00\x00\x0cT\x01\x00\x01\x00\x10\x00\x00\x00\n\x00\x00\x00\x00\x00\x12\x00\x00\x00\x00\x00DT\x01\x00(\x88\x00\x00\x00\x004D\x00\x00\x01\x00@\x00\x00\x00(\x00\x00\x00\x00\x00H\x00\x00\x00\x01\x00\x14E\x00\x00\xa2\xaa\x00\x00\x00\x00\xd0\x10\x01\x00\x01\x00\x00\x01\x00\x00\xa0\x00\x00\x00\x00\x00 \x01\x00\x00\x00\x00P\x14\x01\x00\x8a \x00\x00\x00\x00DW\x01\x00\x01\x00\x00\x04\x00\x00\x80\x02\x00\x00\x00\x00\x80\x04\x00\x00\x00\x00DE\x01\x00(\x82\x00\x00\x00\x00\x14I\x00\x00\x01\x00\x00\x10\x00\x00\x00\n\x00\x00\x00\x00\x00\x12\x00\x00\x01\x00\x14\x01\x00\x00\xa2\x82\x00\x00\x00\x00P$\x01\x00\x01\x00\x00@\x00\x00\x00(\x00\x00\x00\x00\x00H\x00\x00\x00\x00P\x04\x00\x00\x8a\x80\x00\x00\x00\x00D\x85\x01\x00\x01\x00\x00\x00\x01\x00\x00\xa0\x00\x00\x00\x00\x00 \x01\x00\x06\x86\x01\x00\x00\x00\x00\x00\x00\x00\x04\x04\x01\x00\x00\x82\xeb\x97\x81\xfcu\x03m\xd5\xe8\xb4u\x8a>\xd4O\x9e\x1e\x86\x01\x00\x00\x00\x00\x00\x00\x00\x14\x04\x01\x00\x02\x82\xea\x97\x81\xfc\xcbnl\xd5\xe8\xb4]\x00>\xd4K\x9e~\x86\x01\x00\x00\x00\x00\x00\x00\x00T\x04\x01\x00\n\x82\xea\x97\x81\xfc7\xccl\xd5\xe8\xb4\xff\xa2>\xd4[\x9e\xfe\x87\x01\x00\x00\x00\x00\x00\x00\x00T\x05\x01\x00*\x82\xea\x97\x81\xfc\xc5\xcdl\xd5\xe8\xb4u\xa2>\xd4\x1b\x9e\xfe\x81\x01\x00\x00\x00\x00\x00\x00\x00T\x01\x01\x00\xaa\x82\xea\x97\x81\xfc\r\xcal\xd5\xe8\xb4]\xa0>\xd4\x1b\x9f\xfe\x99\x01\x00\x00\x00\x00\x00\x00\x00T\x11\x01\x00\xaa\x80\xea\x97\x81\xfc-\xd5l\xd5\xe8\xb4\xfd\xa8>\xd4\x1b\x9b\xfe\xf9\x01\x00\x00\x00\x00\x00\x00\x00TQ\x01\x00\xaa\x88\xea\x97\x81\xfc\xad\xa9l\xd5\xe8\xb4}\x8a>\xd4\x1b\x8b\xfey\x00\x00\x00\x00\x00\x00\x00\x00TQ\x00\x00\xaa\xa8\xea\x97\x81\xfc\xad[m\xd5\xe8\xb4}\x00>\xd4\x1b\xcb\x01\x00\x02\xaa\x00\x00\x04D\x02\x10\x01\x00\x00\x00\x00\x00\x01\x00\x82\xa2\x00\x00\x04\x00\x84\xa2\x00\x00\x00\x00\x00\x00\x00\x00\n"\x00\x00\x10\x10\rT\x01\x00\x00\x00\x00\x00\x01\x00\n\x00\x00\x00\x10\x00\x12\x00\x00\x00\x00\x00\x00\x00\x00\x00(\x88\x00\x00DT5D\x00\x00\x00\x00\x00\x00\x01\x00(\x00\x00\x00@\x00H\x00\x00\x00\x00\x00\x00\x00\x01\x00\xa2\xaa\x00\x00\x14E\xd0\x10\x01\x00\x00\x00\x00\x00\x01\x00\xa0\x00\x00\x00\x00\x01 \x01\x00\x00\x00\x00\x00\x00\x00\x00\x8a \x00\x00P\x14EW\x01\x00\x00\x00\x00\x00\x01\x00\x80\x02\x00\x00\x00\x04\x80\x04\x00\x00\x00\x00\x00\x00\x00\x00(\x82\x00\x00DE\x15I\x00\x00\x00\x00\x00\x00\x01\x00\x00\n\x00\x00\x00\x10\x00\x12\x00\x00\x00\x00\x00\x00\x01\x00\xa2\x82\x00\x00\x14\x01P$\x01\x00\x00\x00\x00\x00\x01\x00\x00(\x00\x00\x00@\x00H\x00\x00\x00\x00\x00\x00\x00\x00\x8a\x80\x00\x00P\x04D\x85\x01\x00\x00\x00\x00\x00\x01\x00\x00\xa0\x00\x00\x00\x00\x01 \x01\x00\x00\x00\x00\x00\xeb\x97\x81\xfcU\xccl\xd5\xe8\xb4\xd7\xa2>\xd4K\x9e&I\x00\x00\x00\x00\x00\x00\x00\x00\x00\x04\x01\x00\xa2\xaa\xeb\x97\x81\xfcM\xccl\xd5\xe8\xb4\xd5\xa2>\xd4[\x9e\x99$\x01\x00\x00\x00\x00\x00\x00\x00\x04\x04\x01\x00\x8a \xeb\x97\x81\xfc-\xccl\xd5\xe8\xb4\xdd\xa2>\xd4\x1b\x9ee\x86\x01\x00\x00\x00\x00\x00\x00\x00\x14\x04\x01\x00(\x82\xeb\x97\x81\xfc\xad\xcdl\xd5\xe8\xb4\xfd\xa2>\xd4\x1b\x9f\x97\x87\x01\x00\x00\x00\x00\x00\x00\x00T\x04\x01\x00\xa2\x82\xeb\x97\x81\xfc\xad\xcbl\xd5\xe8\xb4}\xa2>\xd4\x1b\x9b_\x80\x01\x00\x00\x00\x00\x00\x00\x00T\x05\x01\x00\x8a\x80\xeb\x97\x81\xfc\xad\xd3l\xd5\xe8\xb4}\xa0>\xd4\x1b\x8b\x7f\x9f\x01\x00\x00\x00\x00\x00\x00\x00T\x01\x01\x00*\x88\xeb\x97\x81\xfc\xad\xb3l\xd5\xe8\xb4}\xa8>\xd4\x1b\xcb\xff\xe3\x01\x00\x00\x00\x00\x00\x00\x00T\x11\x01\x00\xaa\xaa\x00\x00\x00\x00\xfey\x00\x00\x00\x00\xaa\xa8\x00\x00TQ\xff\x11\x00\x00\x00\x00\x00\x00\x00\x00TQ\x01\x00\xaa '
[A] ordering MSB pt: b'\xd7\xe9\x81?\xcaR\xb6\xab\x17-\xeb\x04|+\xf2YW\xe9\x81?\x8bv6\xab\x17-\xaa\x00|+\xd2yW\xe9\x81?\xef\x85\xb6\xab\x17-\xaf\x14|+\xd2yW\xe9\x81?\xfa36\xab\x17-\xfbE|+\xday\xd7\xe9\x81?\x83v6\xab\x17-\xfa\x00|+\xdayW\xe9\x81?\xa636\xab\x17-\xafE|+\xd8y\xd7\xe9\x81?\xf836\xab\x17-\xefE|+\xd8yW\xe9\x81?\xb136\xab\x17-\xbaE|+\xd8\xf9\xd7\xe9\x81?\xa6\xb36\xab\x17-\xaaE|+\xd8\xf9W\xe9\x81?\xb4\xf36\xab\x17-\xbf\x05|+\xd8\xd9\xd7\xe9\x81?\xb1\x136\xab\x17-\xbb\x05|+\xd8\xd9W\xe9\x81?\xb5\x836\xab\x17-\xbeU|+\xd8\xd1\xd7\xe9\x81?\xb4\xfb6\xab\x17-\xbfU|+\xd8\xd1W\xe9\x81?\xb5\xdf6\xab\x17-\xbe\x01|+\xd8\xd3\xd7\xe9\x81?\xb5\x816\xab\x17-\xbeA|+\xd8\xd3\x80\x00\x00\x00\x7f\x9a\x80\x00\x00\x00U\x10\x00\x00*\x8a\x00\x00\x00\x00\x7f\x8d\x00\x00\x00\x00U\x00\x00\x00*\x8a\x00\x00 *\x80\x00\x00\x11\x00\x00\x00\x00`"\x00\x00\x00\x00A\x01\x00\x00\x00\x08\xe1o\x80\x00\x00\x00\x00\x00\x80\x00("\x00\x00@U\x00\x00\x00\x00\x18\x08\x80\x00\x00\x00P\x11\x00\x00 *\xf8"\x00\x00\x00\x00\x00\x00\x00\x00\n\x08\x80\x00PD\x00\x00\x00\x00&*\x80\x00\x80\x00TU\x00\x00("\x1e\x08\x80\x00\x00\x00\x00\x00\x00\x00"\xaa\x80\x00\x14\x11\x00\x00\x00\x00)\xa2\x00\x00\x00\x00UD\x00\x00\n\x08\xa7\xaa\x80\x00\x00\x00\x00\x00\x80\x00(\x82\x00\x00EU\x00\x00\x00\x00\nh\x80\x00\x00\x00\x15Q\x00\x00"\xaa\xa9\xc2\x00\x00\x00\x00\x00\x00\x00\x00\n \x80\x00Q\x04\x00\x00\x00\x00"\xb2\x80\x00\x80\x00E\x05\x00\x00(\x82\np\x80\x00\x00\x00\x00\x00\x00\x00"\xa0\x80\x00\x14A\x00\x00\x00\x00(\x84\x00\x00\x00\x00Q\x10\x00\x00\n \xa2\xb4\x80\x00\x00\x00\x00\x00\x80\x00(\x80\x80\x00EA\x00\x00\x00\x00\n!\x00\x00\x00\x00\x14D\x00\x00"\xa0\xa8\x85\x80\x00\x00\x00\x00\x00\xc1$\x80\x00\x00\x00\x00\x00\x00\x00  \x80\x00A\x04\xa5\xd7\x00\x00\x00\x00\x00\x00\x00\x00  \x80\x00D\x10\xb0a\x80\x00\x00\x00\x00\x00\x00\x00( \x80\x00\x10AI$\x80\x00\x00\x00\x00\x00\x00\x00( \x80\x00\x11\x04\xeca\x80\x00\x00\x00\x00\x00\x00\x00* \x80\x00DA2a\x80\x00\x00\x00\x00\x00\x00\x00* \x80\x00\x04A\xfba\x80\x00\x00\x00\x00\x00\x00\x00*\xa0\x80\x00QAl\xe1\x80\x00\x00\x00\x00\x00\x00\x00*\xa0\x80\x00AA\xfe\xa1\x80\x00\x00\x00\x00\x00\x00\x00*\x80\x80\x00T\x01{A\x80\x00\x00\x00\x00\x00\x00\x00*\x80\x80\x00P\x01\xff\xd1\x80\x00\x00\x00\x00\x00\x00\x00*\x88\x80\x00UQ~\xa9\x80\x00\x00\x00\x00\x00\x00\x00*\x88\x80\x00TQ\xff\x8d\x80\x00\x00\x00\x00\x00\x00\x00*\x8a\x80\x00U\x05\x7f\xd3\x80\x00\x00\x00\x00\x00\x00\x00*\x8a\x80\x00UE\xff\x9a\x80\x00\x00\x00\x00\x00\x00\x00*\x8a\x00\x00U\x10\x7f\x8d\x00\x00\x00\x00\x00\x00\x00\x00*\x8a\x00\x00U\x00\x00\x00\x00\x11\x00\x00 *\xe0"\x00\x00\x00\x00\x00\x00\x00\x00\x00\x08\x80\x00A\x01\x00\x00\x00\x00ao\x80\x00\x80\x00@U\x00\x00("\x18\x08\x80\x00\x00\x00\x00\x00\x00\x00 *\x80\x00P\x11\x00\x00\x00\x00x"\x00\x00\x00\x00PD\x00\x00\n\x08\xa6*\x80\x00\x00\x00\x00\x00\x80\x00("\x00\x00TU\x00\x00\x00\x00\x1e\x08\x80\x00\x00\x00\x14\x11\x00\x00"\xaa\xa9\xa2\x00\x00\x00\x00\x00\x00\x00\x00\n\x08\x80\x00UD\x00\x00\x00\x00\'\xaa\x80\x00\x80\x00EU\x00\x00(\x82\nh\x80\x00\x00\x00\x00\x00\x00\x00"\xaa\x80\x00\x15Q\x00\x00\x00\x00)\xc2\x00\x00\x00\x00Q\x04\x00\x00\n \xa2\xb2\x80\x00\x00\x00\x00\x00\x80\x00(\x82\x00\x00E\x05\x00\x00\x00\x00\np\x80\x00\x00\x00\x14A\x00\x00"\xa0\xa8\x84\x00\x00\x00\x00\x00\x00\x00\x00\n \x80\x00Q\x10\x00\x00\x00\x00"\xb4\x80\x00\x80\x00EA\x00\x00(\x80\x8a!\x00\x00\x00\x00\x00\x00\x00\x00"\xa0\x80\x00\x14D\x00\x00\x00\x00(\x85\x80\x00\x80\x00 "\x00\x00@U\x00\x00\x00\x00@\x08\x80\x00\x80\x00 \x00\x00\x00AE\x00\x00\x00\x00!E\x00\x00\x00\x00\x08\x08\x80\x00PD\x00\x00\x00\x000*\x80\x00\x80\x00\x08\x00\x00\x00P\x00\x00\x00\x00\x00H\x00\x00\x00\x00\x00"*\x80\x00\x14\x11\x00\x00\x00\x00,"\x00\x00\x80\x00\x02\x00\x00\x00\x14\x00\x00\x00\x00\x00\x12\x00\x00\x00\x80\x00(\xa2\x00\x00EU\x00\x00\x00\x00\x0b\x08\x80\x00\x80\x00\x00\x80\x00\x00\x05\x00\x00\x00\x00\x00\x04\x80\x00\x00\x00\x00\n(\x80\x00Q\x04\x00\x00\x00\x00"\xea\x80\x00\x80\x00\x00 \x00\x00\x01@\x00\x00\x00\x00\x01 \x00\x00\x00\x00"\xa2\x80\x00\x14A\x00\x00\x00\x00(\x92\x00\x00\x80\x00\x00\x08\x00\x00\x00P\x00\x00\x00\x00\x00H\x00\x00\x80\x00(\x80\x00\x00EA\x00\x00\x00\x00\n$\x80\x00\x80\x00\x00\x02\x00\x00\x00\x14\x00\x00\x00\x00\x00\x12\x00\x00\x00\x00\n \x00\x00Q\x01\x00\x00\x00\x00"\xa1\x80\x00\x80\x00\x00\x00\x80\x00\x00\x05\x00\x00\x00\x00\x00\x04\x80\x00`a\x80\x00\x00\x00\x00\x00\x00\x00  \x80\x00\x00A\xd7\xe9\x81?\xae\xc0\xb6\xab\x17-\xaeQ|+\xf2yxa\x80\x00\x00\x00\x00\x00\x00\x00( \x80\x00@AW\xe9\x81?\xd3v6\xab\x17-\xba\x00|+\xd2y~a\x80\x00\x00\x00\x00\x00\x00\x00* \x80\x00PAW\xe9\x81?\xec36\xab\x17-\xffE|+\xday\x7f\xe1\x80\x00\x00\x00\x00\x00\x00\x00*\xa0\x80\x00TAW\xe9\x81?\xa3\xb36\xab\x17-\xaeE|+\xd8y\x7f\x81\x80\x00\x00\x00\x00\x00\x00\x00*\x80\x80\x00UAW\xe9\x81?\xb0S6\xab\x17-\xba\x05|+\xd8\xf9\x7f\x99\x80\x00\x00\x00\x00\x00\x00\x00*\x88\x80\x00U\x01W\xe9\x81?\xb4\xab6\xab\x17-\xbf\x15|+\xd8\xd9\x7f\x9f\x80\x00\x00\x00\x00\x00\x00\x00*\x8a\x80\x00U\x11W\xe9\x81?\xb5\x956\xab\x17-\xbeQ|+\xd8\xd1\x7f\x9e\x00\x00\x00\x00\x00\x00\x00\x00*\x8a\x00\x00U\x15W\xe9\x81?\xb5\xda\xb6\xab\x17-\xbe\x00|+\xd8\xd3\x80\x00@U\x00\x00 "@\x08\x80\x00\x00\x00\x00\x00\x80\x00AE\x00\x00 \x00!E\x00\x00\x00\x00\x00\x00\x00\x00PD\x00\x00\x08\x08\xb0*\x80\x00\x00\x00\x00\x00\x80\x00P\x00\x00\x00\x08\x00H\x00\x00\x00\x00\x00\x00\x00\x00\x00\x14\x11\x00\x00"*\xac"\x00\x00\x00\x00\x00\x00\x80\x00\x14\x00\x00\x00\x02\x00\x12\x00\x00\x00\x00\x00\x00\x00\x80\x00EU\x00\x00(\xa2\x0b\x08\x80\x00\x00\x00\x00\x00\x80\x00\x05\x00\x00\x00\x00\x80\x04\x80\x00\x00\x00\x00\x00\x00\x00\x00Q\x04\x00\x00\n(\xa2\xea\x80\x00\x00\x00\x00\x00\x80\x00\x01@\x00\x00\x00 \x01 \x00\x00\x00\x00\x00\x00\x00\x00\x14A\x00\x00"\xa2\xa8\x92\x00\x00\x00\x00\x00\x00\x80\x00\x00P\x00\x00\x00\x08\x00H\x00\x00\x00\x00\x00\x00\x80\x00EA\x00\x00(\x80\n$\x80\x00\x00\x00\x00\x00\x80\x00\x00\x14\x00\x00\x00\x02\x00\x12\x00\x00\x00\x00\x00\x00\x00\x00Q\x01\x00\x00\n "\xa1\x80\x00\x00\x00\x00\x00\x80\x00\x00\x05\x00\x00\x00\x00\x80\x04\x80\x00\x00\x00\x00\x00\xd7\xe9\x81?\xaa36\xab\x17-\xebE|+\xd2yd\x92\x00\x00\x00\x00\x00\x00\x00\x00\x00 \x80\x00EU\xd7\xe9\x81?\xb236\xab\x17-\xabE|+\xday\x99$\x80\x00\x00\x00\x00\x00\x00\x00  \x80\x00Q\x04\xd7\xe9\x81?\xb436\xab\x17-\xbbE|+\xd8y\xa6a\x80\x00\x00\x00\x00\x00\x00\x00( \x80\x00\x14A\xd7\xe9\x81?\xb5\xb36\xab\x17-\xbfE|+\xd8\xf9\xe9\xe1\x80\x00\x00\x00\x00\x00\x00\x00* \x80\x00EA\xd7\xe9\x81?\xb5\xd36\xab\x17-\xbeE|+\xd8\xd9\xfa\x01\x80\x00\x00\x00\x00\x00\x00\x00*\xa0\x80\x00Q\x01\xd7\xe9\x81?\xb5\xcb6\xab\x17-\xbe\x05|+\xd8\xd1\xfe\xf9\x80\x00\x00\x00\x00\x00\x00\x00*\x80\x80\x00T\x11\xd7\xe9\x81?\xb5\xcd6\xab\x17-\xbe\x15|+\xd8\xd3\xff\xc7\x80\x00\x00\x00\x00\x00\x00\x00*\x88\x80\x00UU\x00\x00\x00\x00\x7f\x9e\x00\x00\x00\x00U\x15\x00\x00*\x8a\xff\x88\x00\x00\x00\x00\x00\x00\x00\x00*\x8a\x80\x00U\x04'
[B] try encrypt_block failed: TypeError("encrypt_block() missing 1 required positional argument: 'secret'")
[B] no 16->16 encrypt entry found
NO FLAG YET - inspect RESULT.txt for sources/structure
