===== HUNT START 2026-05-30 17:39:49  cap=86400s (ends 2026-05-31 17:39:49) =====
[17:39:52] try=1 rc=10  [try 1 | hits 1] connected (2.78s)  teletype=true abnormal=true ║  [ERROR] Program terminated abnormally.                      ║ (abnormal: 2000ms node-kill under load) 
[17:40:03] try=2 rc=10  [try 1 | hits 1] connected (1.41s)  teletype=false abnormal=false (no teletype: server closed early) 
[17:40:26] try=3 rc=10  [try 1 | hits 1] connected (3.15s)  teletype=true abnormal=true ║  [ERROR] Program terminated abnormally.                      ║ (abnormal: 2000ms node-kill under load) 
[17:40:43] try=4 rc=10  [try 1 | hits 1] connected (0.71s)  teletype=false abnormal=false (no teletype: server closed early) 
[17:41:32] try=5 rc=10  [try 1 | hits 1] connected (2.87s)  teletype=false abnormal=false (no teletype: server closed early) 
[17:42:02] try=6 rc=20  [try 1 | hits 0] connfail: Connection refused (os error 111) (0.05s) 
[17:42:38] try=7 rc=10  [try 1 | hits 1] connected (1.14s)  teletype=false abnormal=false (no teletype: server closed early) 
[17:43:19] try=8 rc=20  [try 1 | hits 0] connfail: Connection refused (os error 111) (0.05s) 
[17:43:25] try=9 rc=10  [try 1 | hits 1] connected (2.91s)  teletype=true abnormal=true ║  [ERROR] Program terminated abnormally.                      ║ (abnormal: 2000ms node-kill under load) 
[17:44:19] try=10 rc=20  [try 1 | hits 0] connfail: Connection refused (os error 111) (0.03s) 
[17:44:51] try=11 rc=20  [try 1 | hits 0] connfail: Connection refused (os error 111) (0.03s) 
[17:45:06] try=12 rc=20  [try 1 | hits 0] connfail: Connection refused (os error 111) (0.03s) 
[17:45:36] try=13 rc=20  [try 1 | hits 0] connfail: Connection refused (os error 111) (0.03s) 
[17:46:20] try=14 rc=20  [try 1 | hits 0] connfail: Connection refused (os error 111) (0.05s) 
[17:46:35] try=15 rc=20  [try 1 | hits 0] connfail: Connection refused (os error 111) (0.05s) 
[17:46:59] try=16 rc=20  [try 1 | hits 0] connfail: Connection refused (os error 111) (0.04s) 
[17:47:10] try=17 rc=20  [try 1 | hits 0] connfail: Connection refused (os error 111) (0.05s) 
===== HUNT START 2026-05-30 17:47:37  cap=86400s (ends 2026-05-31 17:47:37) =====
[17:47:37] try=1 rc=20  [try 1 | hits 0] connfail: Connection refused (os error 111) (0.04s) 
[17:48:33] try=2 rc=20  [try 1 | hits 0] connfail: Connection refused (os error 111) (0.04s) 
[17:48:53] try=3 rc=20  [try 1 | hits 0] connfail: Connection refused (os error 111) (0.03s) 
[17:49:48] try=4 rc=20  [try 1 | hits 0] connfail: Connection refused (os error 111) (0.06s) 
[17:50:15] try=5 rc=20  [try 1 | hits 0] connfail: Connection refused (os error 111) (0.03s) 
[17:50:43] try=6 rc=20  [try 1 | hits 0] connfail: Connection refused (os error 111) (0.03s) 
[17:51:24] try=7 rc=20  [try 1 | hits 0] connfail: Connection refused (os error 111) (0.03s) 
[17:52:15] try=8 rc=20  [try 1 | hits 0] connfail: Connection refused (os error 111) (0.03s) 
[17:52:54] try=9 rc=20  [try 1 | hits 0] connfail: Connection refused (os error 111) (0.06s) 
[17:53:51] try=10 rc=20  [try 1 | hits 0] connfail: Connection refused (os error 111) (0.03s) 
[17:54:08] try=11 rc=20  [try 1 | hits 0] connfail: Connection refused (os error 111) (0.03s) 
[17:54:22] try=12 rc=20  [try 1 | hits 0] connfail: Connection refused (os error 111) (0.04s) 
[17:55:01] try=13 rc=20  [try 1 | hits 0] connfail: Connection refused (os error 111) (0.04s) 
[17:55:30] try=14 rc=10  [try 1 | hits 1] connected (0.16s)  teletype=false abnormal=false (no teletype: server closed early) 
[17:56:07] try=15 rc=20  [try 1 | hits 0] connfail: Connection refused (os error 111) (0.04s) 
[17:56:40] try=16 rc=10  [try 1 | hits 1] connected (2.41s)  teletype=true abnormal=true ║  [ERROR] Program terminated abnormally.                      ║ (abnormal: 2000ms node-kill under load) 
[17:57:08] try=17 rc=20  [try 1 | hits 0] connfail: Connection refused (os error 111) (0.04s) 
[17:57:29] try=18 rc=20  [try 1 | hits 0] connfail: Connection refused (os error 111) (0.03s) 
[17:57:37] try=19 rc=20  [try 1 | hits 0] connfail: Connection refused (os error 111) (0.05s) 
[17:58:25] try=20 rc=20  [try 1 | hits 0] connfail: Connection refused (os error 111) (0.05s) 
[17:59:24] try=21 rc=20  [try 1 | hits 0] connfail: Connection refused (os error 111) (0.04s) 
[18:00:18] try=22 rc=20  [try 1 | hits 0] connfail: Connection refused (os error 111) (0.05s) 
[18:00:33] try=23 rc=20  [try 1 | hits 0] connfail: Connection refused (os error 111) (0.03s) 
[18:00:34] try=24 rc=20  [try 1 | hits 0] connfail: Connection refused (os error 111) (0.05s) 
[18:00:36] try=25 rc=20  [try 1 | hits 0] connfail: Connection refused (os error 111) (0.04s) 
[18:01:26] try=26 rc=10  [try 1 | hits 1] connected (3.04s)  teletype=false abnormal=false (no teletype: server closed early) 
[18:02:03] try=27 rc=10  [try 1 | hits 1] connected (2.96s)  teletype=true abnormal=true (abnormal: 2000ms node-kill under load) 
[18:02:51] try=28 rc=20  [try 1 | hits 0] connfail: Connection refused (os error 111) (0.04s) 
[18:03:47] try=29 rc=10  [try 1 | hits 1] connected (3.48s)  teletype=true abnormal=true ║  [ERROR] Program terminated abnormally.                      ║ (abnormal: 2000ms node-kill under load) 
[18:04:09] try=30 rc=20  [try 1 | hits 0] connfail: Connection refused (os error 111) (0.03s) 
[18:04:39] try=31 rc=10  [try 1 | hits 1] connected (0.51s)  teletype=false abnormal=false (no teletype: server closed early) 
[18:05:15] try=32 rc=10  [try 1 | hits 1] connected (3.00s)  teletype=true abnormal=true ║  [ERROR] Program terminated abnormally.                      ║ (abnormal: 2000ms node-kill under load) 
[18:05:57] try=33 rc=10  [try 1 | hits 1] connected (0.07s)  teletype=false abnormal=false (no teletype: server closed early) 
[18:06:16] try=34 rc=20  [try 1 | hits 0] connfail: Connection refused (os error 111) (0.04s) 
[18:07:14] try=35 rc=10  [try 1 | hits 1] connected (2.91s)  teletype=true abnormal=true ║  [ERROR] Program terminated abnormally.                      ║ (abnormal: 2000ms node-kill under load) 
[18:08:00] try=36 rc=10  [try 1 | hits 1] connected (1.31s)  teletype=false abnormal=false (no teletype: server closed early) 
[18:08:21] try=37 rc=10  [try 1 | hits 1] connected (1.36s)  teletype=false abnormal=false (no teletype: server closed early) 
[18:08:26] try=38 rc=10  [try 1 | hits 1] connected (0.68s)  teletype=false abnormal=false (no teletype: server closed early) 
[18:08:50] try=39 rc=10  [try 1 | hits 1] connected (2.93s)  teletype=false abnormal=false (no teletype: server closed early) 
[18:09:02] try=40 rc=20  [try 1 | hits 0] connfail: Connection refused (os error 111) (0.03s) 
[18:09:24] try=41 rc=20  [try 1 | hits 0] connfail: Connection refused (os error 111) (0.03s) 
[18:09:33] try=42 rc=20  [try 1 | hits 0] connfail: Connection refused (os error 111) (0.05s) 
[18:10:28] try=43 rc=20  [try 1 | hits 0] connfail: Connection refused (os error 111) (0.04s) 
[18:10:56] try=44 rc=20  [try 1 | hits 0] connfail: Connection refused (os error 111) (0.03s) 
[18:11:27] try=45 rc=20  [try 1 | hits 0] connfail: Connection refused (os error 111) (0.05s) 
[18:11:50] try=46 rc=20  [try 1 | hits 0] connfail: Connection refused (os error 111) (0.04s) 
[18:12:45] try=47 rc=20  [try 1 | hits 0] connfail: Connection refused (os error 111) (0.04s) 
[18:13:33] try=48 rc=20  [try 1 | hits 0] connfail: Connection refused (os error 111) (0.04s) 
[18:13:54] try=49 rc=20  [try 1 | hits 0] connfail: Connection refused (os error 111) (0.05s) 
[18:14:55] try=50 rc=10  [try 1 | hits 1] connected (0.76s)  teletype=false abnormal=false (no teletype: server closed early) 
[18:15:22] try=51 rc=20  [try 1 | hits 0] connfail: Connection refused (os error 111) (0.03s) 
[18:15:26] try=52 rc=20  [try 1 | hits 0] connfail: Connection refused (os error 111) (0.04s) 
[18:15:43] try=53 rc=20  [try 1 | hits 0] connfail: Connection refused (os error 111) (0.03s) 
[18:16:42] try=54 rc=20  [try 1 | hits 0] connfail: Connection refused (os error 111) (0.04s) 
[18:17:35] try=55 rc=20  [try 1 | hits 0] connfail: Connection refused (os error 111) (0.04s) 
[18:17:43] try=56 rc=20  [try 1 | hits 0] connfail: Connection refused (os error 111) (0.06s) 
[18:18:06] try=57 rc=20  [try 1 | hits 0] connfail: Connection refused (os error 111) (0.04s) 
[18:18:08] try=58 rc=20  [try 1 | hits 0] connfail: Connection refused (os error 111) (0.03s) 
[18:18:56] try=59 rc=20  [try 1 | hits 0] connfail: Connection refused (os error 111) (0.05s) 
[18:19:54] try=60 rc=20  [try 1 | hits 0] connfail: Connection refused (os error 111) (0.03s) 
[18:19:56] try=61 rc=20  [try 1 | hits 0] connfail: Connection refused (os error 111) (0.03s) 
[18:20:44] try=62 rc=10  [try 1 | hits 1] connected (3.15s)  teletype=true abnormal=true ║  [ERROR] Program terminated abnormally.                      ║ (abnormal: 2000ms node-kill under load) 
[18:20:50] try=63 rc=10  [try 1 | hits 1] connected (2.94s)  teletype=false abnormal=false (no teletype: server closed early) 
[18:21:13] try=64 rc=10  [try 1 | hits 1] connected (1.35s)  teletype=false abnormal=false (no teletype: server closed early) 
[18:21:30] try=65 rc=10  [try 1 | hits 1] connected (1.28s)  teletype=false abnormal=false (no teletype: server closed early) 
[18:21:40] try=66 rc=20  [try 1 | hits 0] connfail: Connection refused (os error 111) (0.03s) 
[18:22:36] try=67 rc=20  [try 1 | hits 0] connfail: Connection refused (os error 111) (0.04s) 
[18:23:22] try=68 rc=20  [try 1 | hits 0] connfail: Connection refused (os error 111) (0.06s) 
[18:23:30] try=69 rc=20  [try 1 | hits 0] connfail: Connection refused (os error 111) (0.04s) 
[18:24:22] try=70 rc=20  [try 1 | hits 0] connfail: Connection refused (os error 111) (0.03s) 
[18:25:12] try=71 rc=20  [try 1 | hits 0] connfail: Connection refused (os error 111) (0.03s) 
[18:26:08] try=72 rc=20  [try 1 | hits 0] connfail: Connection refused (os error 111) (0.04s) 
[18:26:27] try=73 rc=20  [try 1 | hits 0] connfail: Connection refused (os error 111) (0.05s) 
[18:27:10] try=74 rc=20  [try 1 | hits 0] connfail: Connection refused (os error 111) (0.05s) 
[18:27:21] try=75 rc=20  [try 1 | hits 0] connfail: Connection refused (os error 111) (0.05s) 
[18:27:45] try=76 rc=20  [try 1 | hits 0] connfail: Connection refused (os error 111) (0.03s) 
[18:28:06] try=77 rc=20  [try 1 | hits 0] connfail: Connection refused (os error 111) (0.05s) 
[18:29:05] try=78 rc=20  [try 1 | hits 0] connfail: Connection refused (os error 111) (0.03s) 
[18:29:54] try=79 rc=20  [try 1 | hits 0] connfail: Connection refused (os error 111) (0.03s) 
[18:29:56] try=80 rc=20  [try 1 | hits 0] connfail: Connection refused (os error 111) (0.05s) 
[18:30:12] try=81 rc=20  [try 1 | hits 0] connfail: Connection refused (os error 111) (0.04s) 
[18:30:54] try=82 rc=10  [try 1 | hits 1] connected (0.13s)  teletype=false abnormal=false (no teletype: server closed early) 
[18:31:30] try=83 rc=20  [try 1 | hits 0] connfail: Connection refused (os error 111) (0.03s) 
[18:31:33] try=84 rc=20  [try 1 | hits 0] connfail: Connection refused (os error 111) (0.03s) 
[18:32:02] try=85 rc=20  [try 1 | hits 0] connfail: Connection refused (os error 111) (0.04s) 
[18:32:18] try=86 rc=20  [try 1 | hits 0] connfail: Connection refused (os error 111) (0.04s) 
[18:32:26] try=87 rc=20  [try 1 | hits 0] connfail: Connection refused (os error 111) (0.05s) 
[18:33:15] try=88 rc=20  [try 1 | hits 0] connfail: Connection refused (os error 111) (0.06s) 
[18:33:31] try=89 rc=20  [try 1 | hits 0] connfail: Connection refused (os error 111) (0.03s) 
[18:33:59] try=90 rc=20  [try 1 | hits 0] connfail: Connection refused (os error 111) (0.05s) 
[18:34:27] try=91 rc=20  [try 1 | hits 0] connfail: Connection refused (os error 111) (0.05s) 
[18:34:36] try=92 rc=20  [try 1 | hits 0] connfail: Connection refused (os error 111) (0.04s) 
[18:35:04] try=93 rc=10  [try 1 | hits 1] connected (3.02s)  teletype=false abnormal=false (no teletype: server closed early) 
[18:35:18] try=94 rc=20  [try 1 | hits 0] connfail: Connection refused (os error 111) (0.03s) 
[18:35:59] try=95 rc=20  [try 1 | hits 0] connfail: Connection refused (os error 111) (0.03s) 
[18:36:50] try=96 rc=20  [try 1 | hits 0] connfail: Connection refused (os error 111) (0.04s) 
[18:37:26] try=97 rc=20  [try 1 | hits 0] connfail: Connection refused (os error 111) (0.03s) 
[18:38:22] try=98 rc=20  [try 1 | hits 0] connfail: Connection refused (os error 111) (0.04s) 
[18:39:07] try=99 rc=20  [try 1 | hits 0] connfail: Connection refused (os error 111) (0.04s) 
[18:39:12] try=100 rc=10  [try 1 | hits 1] connected (0.09s)  teletype=false abnormal=false (no teletype: server closed early) 
[18:40:00] try=101 rc=20  [try 1 | hits 0] connfail: Connection refused (os error 111) (0.04s) 
[18:40:20] try=102 rc=20  [try 1 | hits 0] connfail: Connection refused (os error 111) (0.04s) 
[18:41:23] try=103 rc=10  [try 1 | hits 1] connected (10.97s)  teletype=false abnormal=false (no teletype: server closed early) 
[18:41:41] try=104 rc=10  [try 1 | hits 1] connected (10.89s)  teletype=false abnormal=false (no teletype: server closed early) 
[18:41:56] try=105 rc=20  [try 1 | hits 0] connfail: Connection refused (os error 111) (0.03s) 
[18:42:47] try=106 rc=20  [try 1 | hits 0] connfail: Connection refused (os error 111) (0.04s) 
[18:42:50] try=107 rc=10  [try 1 | hits 1] connected (0.13s)  teletype=false abnormal=false (no teletype: server closed early) 
[18:43:06] try=108 rc=20  [try 1 | hits 0] connfail: Connection refused (os error 111) (0.03s) 
[18:43:21] try=109 rc=20  [try 1 | hits 0] connfail: Connection refused (os error 111) (0.05s) 
[18:43:39] try=110 rc=20  [try 1 | hits 0] connfail: Connection refused (os error 111) (0.03s) 
[18:44:33] try=111 rc=20  [try 1 | hits 0] connfail: Connection refused (os error 111) (0.03s) 
[18:45:05] try=112 rc=20  [try 1 | hits 0] connfail: Connection refused (os error 111) (0.04s) 
[18:45:57] try=113 rc=20  [try 1 | hits 0] connfail: Connection refused (os error 111) (0.04s) 
[18:46:18] try=114 rc=20  [try 1 | hits 0] connfail: Connection refused (os error 111) (0.05s) 
[18:46:31] try=115 rc=20  [try 1 | hits 0] connfail: Connection refused (os error 111) (0.04s) 
[18:47:23] try=116 rc=20  [try 1 | hits 0] connfail: Connection refused (os error 111) (0.04s) 
[18:47:28] try=117 rc=20  [try 1 | hits 0] connfail: Connection refused (os error 111) (0.04s) 
[18:48:06] try=118 rc=20  [try 1 | hits 0] connfail: Connection refused (os error 111) (0.03s) 
[18:48:59] try=119 rc=20  [try 1 | hits 0] connfail: Connection refused (os error 111) (0.03s) 
[18:49:50] try=120 rc=20  [try 1 | hits 0] connfail: Connection refused (os error 111) (0.04s) 
[18:50:49] try=121 rc=20  [try 1 | hits 0] connfail: Connection refused (os error 111) (0.03s) 
[18:51:35] try=122 rc=20  [try 1 | hits 0] connfail: Connection refused (os error 111) (0.03s) 
[18:52:32] try=123 rc=20  [try 1 | hits 0] connfail: Connection refused (os error 111) (0.05s) 
[18:53:19] try=124 rc=20  [try 1 | hits 0] connfail: Connection refused (os error 111) (0.04s) 
[18:54:16] try=125 rc=20  [try 1 | hits 0] connfail: Connection refused (os error 111) (0.03s) 
[18:54:45] try=126 rc=20  [try 1 | hits 0] connfail: Connection refused (os error 111) (0.03s) 
[18:55:18] try=127 rc=10  [try 1 | hits 1] connected (1.44s)  teletype=false abnormal=false (no teletype: server closed early) 
[18:55:27] try=128 rc=20  [try 1 | hits 0] connfail: Connection refused (os error 111) (0.04s) 
[18:56:24] try=129 rc=20  [try 1 | hits 0] connfail: Connection refused (os error 111) (0.03s) 
[18:57:08] try=130 rc=20  [try 1 | hits 0] connfail: Connection refused (os error 111) (0.04s) 
[18:57:58] try=131 rc=10  [try 1 | hits 1] connected (1.24s)  teletype=false abnormal=false (no teletype: server closed early) 
[18:58:17] try=132 rc=10  [try 1 | hits 1] connected (3.12s)  teletype=false abnormal=false (no teletype: server closed early) 
[18:58:35] try=133 rc=10  [try 1 | hits 1] connected (0.15s)  teletype=false abnormal=false (no teletype: server closed early) 
[18:58:58] try=134 rc=10  [try 1 | hits 1] connected (3.02s)  teletype=false abnormal=false (no teletype: server closed early) 
[18:59:36] try=135 rc=10  [try 1 | hits 1] connected (3.19s)  teletype=false abnormal=false (no teletype: server closed early) 
[19:00:33] try=136 rc=10  [try 1 | hits 1] connected (2.99s)  teletype=false abnormal=false (no teletype: server closed early) 
[19:01:16] try=137 rc=10  [try 1 | hits 1] connected (2.46s)  teletype=true abnormal=true ║  [ERROR] Program terminated abnormally.                      ║ (abnormal: 2000ms node-kill under load) 
[19:01:29] try=138 rc=10  [try 1 | hits 1] connected (0.39s)  teletype=false abnormal=false (no teletype: server closed early) 
[19:01:31] try=139 rc=10  [try 1 | hits 1] connected (0.09s)  teletype=false abnormal=false (no teletype: server closed early) 
[19:02:18] try=140 rc=20  [try 1 | hits 0] connfail: Connection refused (os error 111) (0.03s) 
[19:02:57] try=141 rc=10  [try 1 | hits 1] connected (3.00s)  teletype=true abnormal=true ║  [ERROR] Program terminated abnormally.                      ║ (abnormal: 2000ms node-kill under load) 
[19:03:50] try=142 rc=10  [try 1 | hits 1] connected (3.18s)  teletype=false abnormal=false (no teletype: server closed early) 
[19:04:07] try=143 rc=10  [try 1 | hits 1] connected (0.06s)  teletype=false abnormal=false (no teletype: server closed early) 
[19:04:25] try=144 rc=20  [try 1 | hits 0] connfail: Connection refused (os error 111) (0.03s) 
[19:05:11] try=145 rc=20  [try 1 | hits 0] connfail: Broken pipe (os error 32) (0.06s) 
[19:05:48] try=146 rc=10  [try 1 | hits 1] connected (1.48s)  teletype=false abnormal=false (no teletype: server closed early) 
[19:06:05] try=147 rc=20  [try 1 | hits 0] connfail: Connection refused (os error 111) (0.04s) 
[19:06:42] try=148 rc=20  [try 1 | hits 0] connfail: Connection refused (os error 111) (0.05s) 
[19:06:47] try=149 rc=10  [try 1 | hits 1] connected (3.07s)  teletype=true abnormal=true (abnormal: 2000ms node-kill under load) 
[19:07:29] try=150 rc=20  [try 1 | hits 0] connfail: Connection refused (os error 111) (0.03s) 
[19:07:49] try=151 rc=20  [try 1 | hits 0] connfail: Connection refused (os error 111) (0.04s) 
[19:08:41] try=152 rc=20  [try 1 | hits 0] connfail: Connection refused (os error 111) (0.03s) 
[19:08:53] try=153 rc=10  [try 1 | hits 1] connected (3.04s)  teletype=true abnormal=true ║  [ERROR] Program terminated abnormally.                      ║ (abnormal: 2000ms node-kill under load) 
[19:09:48] try=154 rc=10  [try 1 | hits 1] connected (0.11s)  teletype=false abnormal=false (no teletype: server closed early) 
[19:10:13] try=155 rc=10  [try 1 | hits 1] connected (2.92s)  teletype=true abnormal=true ║  [ERROR] Program terminated abnormally.                      ║ (abnormal: 2000ms node-kill under load) 
[19:10:48] try=156 rc=10  [try 1 | hits 1] connected (2.98s)  teletype=true abnormal=true ║  [ERROR] Program terminated abnormally.                      ║ (abnormal: 2000ms node-kill under load) 
[19:11:02] try=157 rc=10  [try 1 | hits 1] connected (2.90s)  teletype=true abnormal=true ║  [ERROR] Program terminated abnormally.                      ║ (abnormal: 2000ms node-kill under load) 
[19:11:33] try=158 rc=10  [try 1 | hits 1] connected (3.10s)  teletype=false abnormal=false (no teletype: server closed early) 
[19:11:56] try=159 rc=10  [try 1 | hits 1] connected (2.87s)  teletype=false abnormal=false (no teletype: server closed early) 
[19:12:27] try=160 rc=10  [try 1 | hits 1] connected (2.86s)  teletype=false abnormal=false (no teletype: server closed early) 
[19:13:11] try=161 rc=10  [try 1 | hits 1] connected (3.01s)  teletype=true abnormal=true ║  [ERROR] Program terminated abnormally.                      ║ (abnormal: 2000ms node-kill under load) 
[19:13:46] try=162 rc=10  [try 1 | hits 1] connected (2.88s)  teletype=false abnormal=false (no teletype: server closed early) 
[19:14:16] try=163 rc=10  [try 1 | hits 1] connected (2.84s)  teletype=true abnormal=true ║  [ERROR] Program terminated abnormally.                      ║ (abnormal: 2000ms node-kill under load) 
[19:14:55] try=164 rc=10  [try 1 | hits 1] connected (2.94s)  teletype=true abnormal=true ║  [ERROR] Program terminated abnormally.                      ║ (abnormal: 2000ms node-kill under load) 
[19:15:04] try=165 rc=10  [try 1 | hits 1] connected (2.85s)  teletype=false abnormal=false (no teletype: server closed early) 
[19:15:40] try=166 rc=20  [try 1 | hits 0] connfail: Connection refused (os error 111) (0.04s) 
[19:16:27] try=167 rc=10  [try 1 | hits 1] connected (2.92s)  teletype=true abnormal=true ║  [ERROR] Program terminated abnormally.                      ║ (abnormal: 2000ms node-kill under load) 
[19:16:47] try=168 rc=10  [try 1 | hits 1] connected (0.10s)  teletype=false abnormal=false (no teletype: server closed early) 
[19:17:23] try=169 rc=10  [try 1 | hits 1] connected (2.90s)  teletype=false abnormal=false (no teletype: server closed early) 
[19:17:47] try=170 rc=10  [try 1 | hits 1] connected (3.10s)  teletype=true abnormal=true ║  [ERROR] Program terminated abnormally.                      ║ (abnormal: 2000ms node-kill under load) 
[19:17:52] try=171 rc=10  [try 1 | hits 1] connected (1.36s)  teletype=false abnormal=false (no teletype: server closed early) 
[19:18:47] try=172 rc=10  [try 1 | hits 1] connected (2.83s)  teletype=true abnormal=true ║  [ERROR] Program terminated abnormally.                      ║ (abnormal: 2000ms node-kill under load) 
[19:18:54] try=173 rc=10  [try 1 | hits 1] connected (0.37s)  teletype=false abnormal=false (no teletype: server closed early) 
[19:19:54] try=174 rc=10  [try 1 | hits 1] connected (2.87s)  teletype=false abnormal=false (no teletype: server closed early) 
[19:20:05] try=175 rc=10  [try 1 | hits 1] connected (0.06s)  teletype=false abnormal=false (no teletype: server closed early) 
[19:20:10] try=176 rc=10  [try 1 | hits 1] connected (3.13s)  teletype=false abnormal=false (no teletype: server closed early) 
[19:20:25] try=177 rc=10  [try 1 | hits 1] connected (4.44s)  teletype=false abnormal=false (no teletype: server closed early) 
[19:21:21] try=178 rc=10  [try 1 | hits 1] connected (2.84s)  teletype=true abnormal=true ║  [ERROR] Program terminated abnormally.                      ║ (abnormal: 2000ms node-kill under load) 
[19:21:28] try=179 rc=10  [try 1 | hits 1] connected (0.38s)  teletype=false abnormal=false (no teletype: server closed early) 
[19:22:30] try=180 rc=10  [try 1 | hits 1] connected (2.94s)  teletype=false abnormal=false (no teletype: server closed early) 
[19:23:29] try=181 rc=10  [try 1 | hits 1] connected (3.00s)  teletype=true abnormal=true ║  [ERROR] Program terminated abnormally.                      ║ (abnormal: 2000ms node-kill under load) 
[19:24:23] try=182 rc=10  [try 1 | hits 1] connected (1.60s)  teletype=false abnormal=false (no teletype: server closed early) 
[19:25:13] try=183 rc=20  [try 1 | hits 0] connfail: Connection refused (os error 111) (0.03s) 
[19:26:10] try=184 rc=20  [try 1 | hits 0] connfail: Connection refused (os error 111) (0.06s) 
[19:26:37] try=185 rc=10  [try 1 | hits 1] connected (2.90s)  teletype=false abnormal=false (no teletype: server closed early) 
[19:27:01] try=186 rc=10  [try 1 | hits 1] connected (5.01s)  teletype=false abnormal=false (no teletype: server closed early) 
[19:27:43] try=187 rc=20  [try 1 | hits 0] connfail: Connection refused (os error 111) (0.04s) 
[19:27:55] try=188 rc=10  [try 1 | hits 1] connected (3.85s)  teletype=true abnormal=true ║  [ERROR] Program terminated abnormally.                      ║ (abnormal: 2000ms node-kill under load) 
[19:28:48] try=189 rc=10  [try 1 | hits 1] connected (3.15s)  teletype=true abnormal=true ║  [ERROR] Program terminated abnormally.                      ║ (abnormal: 2000ms node-kill under load) 
===== HUNT START 2026-05-30 19:53:33  cap=86400s (ends 2026-05-31 19:53:33) =====
[19:53:45] try=1 rc=10  [try 1 | hits 1] connected (11.57s)  verdict=TIMEOUT(10s) 
[19:54:45] try=2 rc=10  [try 1 | hits 1] connected (12.48s)  verdict=TIMEOUT(10s) 
[19:55:56] try=3 rc=10  [try 1 | hits 1] connected (11.39s)  verdict=TIMEOUT(10s) 
[19:56:59] try=4 rc=10  [try 1 | hits 1] connected (12.08s)  verdict=TIMEOUT(10s) 
[19:57:52] try=5 rc=10  [try 1 | hits 1] connected (11.79s)  verdict=TIMEOUT(10s) 
[19:58:58] try=6 rc=10  [try 1 | hits 1] connected (12.40s)  verdict=TIMEOUT(10s) 
[20:00:03] try=7 rc=10  [try 1 | hits 1] connected (11.48s)  verdict=TIMEOUT(10s) 
[20:00:59] try=8 rc=10  [try 1 | hits 1] connected (11.99s)  verdict=TIMEOUT(10s) 
[20:01:35] try=9 rc=10  [try 1 | hits 1] connected (12.17s)  verdict=TIMEOUT(10s) 
===== HUNT START 2026-05-30 20:10:28  cap=86400s (ends 2026-05-31 20:10:28) =====
[20:10:30] try=1 rc=10  [*] probe prog (477 bytes): let val cs="grey{}_etaoinshrdlcumwfgypbvkxjqz0123456789-!?.+=*ABCDEFGHIJKLMNOPQRSTUVWXYZ" fun a j=substring(cs,j,j+1) fun p i d=(send(analysisService,("compare",self(),i,d));receive[hn("comparison",s)=>(send(logService,("log",self(),s));receive[hn("logged",b)=>b])]) fun sc i j=if a j="" then "?" else if p i(a j)then a j else sc i(j+1) val _=send(analysisService,("analyze",self())) val n=receive[hn("analysis",L)=>L] fun bd i=if i>=n then "" else (sc i 0)^bd(i+1) in bd 0 end --- [try 1 | hits 1] connected (2.53s)  verdict=no-frame ----- raw tail ----- ║                                                              ║ ╚══════════════════════════════════════════════════════════════╝ >>  ╔══════════════════════════════════════════════════════════════╗ ║  TRANSMISSION DECODING TERMINAL                              ║ ╠══════════════════════════════════════════════════════════════╣ ║                                                              ║ ║  This terminal provides a scripting interface for            ║ ║  analyzing intercepted transmissions.                        ║ ║                                                              ║ ║  The compartmentalization protocol prevents classified       ║ ║  data from being output to uncleared channels.               ║ ║                                                              ║ ║  Submit your analysis program below.                         ║ ║  Terminate with 'EOF' on a new line.                         ║ ║                                                              ║ ╚══════════════════════════════════════════════════════════════╝ >>  (no frame: connection closed before result) 
[20:11:12] try=2 rc=10  [*] probe prog (477 bytes): let val cs="grey{}_etaoinshrdlcumwfgypbvkxjqz0123456789-!?.+=*ABCDEFGHIJKLMNOPQRSTUVWXYZ" fun a j=substring(cs,j,j+1) fun p i d=(send(analysisService,("compare",self(),i,d));receive[hn("comparison",s)=>(send(logService,("log",self(),s));receive[hn("logged",b)=>b])]) fun sc i j=if a j="" then "?" else if p i(a j)then a j else sc i(j+1) val _=send(analysisService,("analyze",self())) val n=receive[hn("analysis",L)=>L] fun bd i=if i>=n then "" else (sc i 0)^bd(i+1) in bd 0 end --- [try 1 | hits 1] connected (3.58s)  verdict=no-frame ----- raw tail ----- ║                                                              ║ ╚══════════════════════════════════════════════════════════════╝ >>  ╔══════════════════════════════════════════════════════════════╗ ║  TRANSMISSION DECODING TERMINAL                              ║ ╠══════════════════════════════════════════════════════════════╣ ║                                                              ║ ║  This terminal provides a scripting interface for            ║ ║  analyzing intercepted transmissions.                        ║ ║                                                              ║ ║  The compartmentalization protocol prevents classified       ║ ║  data from being output to uncleared channels.               ║ ║                                                              ║ ║  Submit your analysis program below.                         ║ ║  Terminate with 'EOF' on a new line.                         ║ ║                                                              ║ ╚══════════════════════════════════════════════════════════════╝ >>  (no frame: connection closed before result) 
