[19:39:08] [ServerMain/INFO]: Environment: Environment[sessionHost=https://sessionserver.mojang.com, servicesHost=https://api.minecraftservices.com, profilesHost=https://api.mojang.com, name=PROD]
[19:39:09] [ServerMain/INFO]: Loaded 1470 recipes
[19:39:09] [ServerMain/INFO]: Loaded 1584 advancements
[19:39:10] [Server thread/INFO]: Starting minecraft server version 1.21.11
[19:39:10] [Server thread/INFO]: Loading properties
[19:39:10] [Server thread/INFO]: Default game type: CREATIVE
[19:39:10] [Server thread/INFO]: Generating keypair
[19:39:10] [Server thread/INFO]: Starting Minecraft server on *:25565
[19:39:10] [Server thread/WARN]: **** SERVER IS RUNNING IN OFFLINE/INSECURE MODE!
[19:39:10] [Server thread/WARN]: The server will make no attempt to authenticate usernames. Beware.
[19:39:10] [Server thread/WARN]: While this makes the game possible to play without internet access, it also opens up the ability for hackers to connect with any username they choose.
[19:39:10] [Server thread/WARN]: To change this, set "online-mode" to "true" in the server.properties file.
[19:39:10] [Server thread/INFO]: Preparing level "world"
[19:39:10] [Server thread/INFO]: Loading 441 persistent chunks...
[19:39:10] [Server thread/INFO]: Preparing spawn area: 2%
[19:39:11] [Server thread/INFO]: Preparing spawn area: 2%
[19:39:11] [Server thread/INFO]: Preparing spawn area: 29%
[19:39:12] [Server thread/INFO]: Preparing spawn area: 82%
[19:39:12] [Server thread/INFO]: Time elapsed: 1707 ms
[19:39:12] [Server thread/INFO]: Done (1.969s)! For help, type "help"
[19:39:12] [Server thread/INFO]: Starting remote control listener
[19:39:12] [Server thread/INFO]: Thread RCON Listener started
[19:39:12] [Server thread/INFO]: RCON running on 0.0.0.0:25575
[19:39:16] [RCON Listener #1/INFO]: Thread RCON Client /127.0.0.1 started
[19:39:16] [RCON Client /127.0.0.1 #2/INFO]: Thread RCON Client /127.0.0.1 shutting down
[19:39:26] [RCON Listener #1/INFO]: Thread RCON Client /127.0.0.1 started
[19:39:26] [Server thread/INFO]: [Rcon: Automatic saving is now disabled]
[19:39:26] [Server thread/INFO]: [Rcon: The game is sprinting]
[19:39:26] [Server thread/INFO]: [Rcon: Interrupted the current tick sprint]
[19:39:26] [Server thread/INFO]: [Rcon: The game is sprinting]
[19:39:26] [Server thread/INFO]: [Rcon: Interrupted the current tick sprint]
[19:39:26] [Server thread/INFO]: [Rcon: The game is sprinting]
[19:39:26] [Server thread/INFO]: [Rcon: Interrupted the current tick sprint]
[19:39:26] [Server thread/INFO]: [Rcon: The game is sprinting]
[19:39:27] [Server thread/INFO]: [Rcon: Changed the block at 70, 267, 67]
[19:39:27] [Server thread/INFO]: [Rcon: Interrupted the current tick sprint]
[19:39:27] [Server thread/INFO]: [Rcon: The game is sprinting]
[19:39:27] [Server thread/INFO]: [Rcon: Interrupted the current tick sprint]
[19:39:27] [Server thread/INFO]: [Rcon: The game is sprinting]
[19:39:27] [Server thread/INFO]: [Rcon: Interrupted the current tick sprint]
[19:39:27] [Server thread/INFO]: [Rcon: The game is sprinting]
[19:39:27] [Server thread/INFO]: [Rcon: Interrupted the current tick sprint]
[19:39:27] [Server thread/INFO]: [Rcon: The game is sprinting]
[19:39:28] [Server thread/INFO]: [Rcon: Interrupted the current tick sprint]
[19:39:28] [Server thread/INFO]: [Rcon: The game is sprinting]
[19:39:28] [Server thread/INFO]: [Rcon: Interrupted the current tick sprint]
[19:39:28] [Server thread/INFO]: [Rcon: The game is sprinting]
[19:39:28] [RCON Client /127.0.0.1 #3/INFO]: Thread RCON Client /127.0.0.1 shutting down
[19:39:46] [Server thread/INFO]: Sprint completed with 11032 ticks per second, or 0.09 ms per tick
[19:40:45] [RCON Listener #1/INFO]: Thread RCON Client /127.0.0.1 started
[19:40:45] [RCON Client /127.0.0.1 #4/INFO]: Thread RCON Client /127.0.0.1 shutting down
